// Jest Snapshot v1, https://goo.gl/fbAQLP

exports[`LoginForm matches snapshot 1`] = `
<div>
  <form
    class="mt-8 space-y-6"
  >
    <div>
      <label
        class="block text-sm font-medium text-gray-700"
        for="username"
      >
        User
      </label>
      <input
        class="mt-1 block w-full px-3 py-2 border border-gray-300 rounded-md shadow-sm focus:outline-none focus:ring-blue-500 focus:border-blue-500"
        id="username"
        name="username"
        required=""
        type="text"
        value=""
      />
    </div>
    <div>
      <label
        class="block text-sm font-medium text-gray-700"
        for="password"
      >
        Password
      </label>
      <input
        class="mt-1 block w-full px-3 py-2 border border-gray-300 rounded-md shadow-sm focus:outline-none focus:ring-blue-500 focus:border-blue-500"
        id="password"
        name="password"
        required=""
        type="password"
        value=""
      />
    </div>
    <div>
      <button
        class="w-full flex justify-center py-2 px-4 border border-transparent rounded-md shadow-sm text-sm font-medium text-white bg-blue-600 hover:bg-blue-700 focus:outline-none focus:ring-2 focus:ring-offset-2 focus:ring-blue-500 disabled:opacity-50"
        type="submit"
      >
        Submit
      </button>
    </div>
  </form>
</div>
`;
